// Jest Snapshot v1, https://goo.gl/fbAQLP

exports[`<Title /> should render Title as expected 1`] = `
<Title>
  <h3>
    <span
      className="labelSpan"
    />
  </h3>
</Title>
`;
