// Jest Snapshot v1, https://goo.gl/fbAQLP

exports[`<Button /> should render Button as expected 1`] = `
<Button
  className=""
  disabled={false}
  type=""
>
  <button
    className="button "
    disabled={false}
  />
</Button>
`;
