// Jest Snapshot v1, https://goo.gl/fbAQLP

exports[`<FamilyMemberForm /> should render FamilyMemberForm as expected 1`] = `
<FamilyMemberForm>
  <Container
    component="div"
    fluid={false}
    lg={false}
    md={false}
    sm={false}
    style={Object {}}
    xl={false}
    xs={false}
  >
    <ScreenClassResolver>
      <ScreenClassProvider
        useOwnWidth={false}
      >
        <div
          style={
            Object {
              "boxSizing": "border-box",
              "marginLeft": "auto",
              "marginRight": "auto",
              "maxWidth": "960px",
              "paddingLeft": "15px",
              "paddingRight": "15px",
              "position": "relative",
            }
          }
        >
          <Row
            align="normal"
            component="div"
            debug={false}
            justify="start"
            nogutter={false}
            style={Object {}}
          >
            <div
              style={
                Object {
                  "alignItems": "normal",
                  "display": "flex",
                  "flexGrow": 0,
                  "flexShrink": 0,
                  "flexWrap": "wrap",
                  "justifyContent": "flex-start",
                  "marginLeft": "-15px",
                  "marginRight": "-15px",
                }
              }
            >
              <Col
                component="div"
                debug={false}
                lg={null}
                md={null}
                offset={Object {}}
                pull={Object {}}
                push={Object {}}
                sm={null}
                style={Object {}}
                xl={null}
                xs={null}
              >
                <ScreenClassResolver>
                  <div
                    style={
                      Object {
                        "boxSizing": "border-box",
                        "flexBasis": 0,
                        "flexGrow": 1,
                        "flexShrink": 0,
                        "left": "auto",
                        "marginLeft": "0%",
                        "maxWidth": "100%",
                        "minHeight": "1px",
                        "paddingLeft": "15px",
                        "paddingRight": "15px",
                        "position": "relative",
                        "right": "auto",
                        "width": "100%",
                      }
                    }
                  >
                    <TextBox
                      label="First Name"
                      name="firstName"
                      onChange={[Function]}
                      value=""
                    >
                      <div
                        className="textBox"
                      >
                        <label
                          className="title"
                          htmlFor="firstName"
                        >
                          First Name
                        </label>
                        <input
                          className="input"
                          id="firstName"
                          name="firstName"
                          onChange={[Function]}
                          type="text"
                          value=""
                        />
                      </div>
                    </TextBox>
                  </div>
                </ScreenClassResolver>
              </Col>
              <Col
                component="div"
                debug={false}
                lg={null}
                md={null}
                offset={Object {}}
                pull={Object {}}
                push={Object {}}
                sm={null}
                style={Object {}}
                xl={null}
                xs={null}
              >
                <ScreenClassResolver>
                  <div
                    style={
                      Object {
                        "boxSizing": "border-box",
                        "flexBasis": 0,
                        "flexGrow": 1,
                        "flexShrink": 0,
                        "left": "auto",
                        "marginLeft": "0%",
                        "maxWidth": "100%",
                        "minHeight": "1px",
                        "paddingLeft": "15px",
                        "paddingRight": "15px",
                        "position": "relative",
                        "right": "auto",
                        "width": "100%",
                      }
                    }
                  >
                    <TextBox
                      label="Last Name"
                      name="lastName"
                      onChange={[Function]}
                      value=""
                    >
                      <div
                        className="textBox"
                      >
                        <label
                          className="title"
                          htmlFor="lastName"
                        >
                          Last Name
                        </label>
                        <input
                          className="input"
                          id="lastName"
                          name="lastName"
                          onChange={[Function]}
                          type="text"
                          value=""
                        />
                      </div>
                    </TextBox>
                  </div>
                </ScreenClassResolver>
              </Col>
            </div>
          </Row>
          <Row
            align="normal"
            component="div"
            debug={false}
            justify="start"
            nogutter={false}
            style={Object {}}
          >
            <div
              style={
                Object {
                  "alignItems": "normal",
                  "display": "flex",
                  "flexGrow": 0,
                  "flexShrink": 0,
                  "flexWrap": "wrap",
                  "justifyContent": "flex-start",
                  "marginLeft": "-15px",
                  "marginRight": "-15px",
                }
              }
            >
              <Col
                component="div"
                debug={false}
                lg={null}
                md={null}
                offset={Object {}}
                pull={Object {}}
                push={Object {}}
                sm={null}
                style={Object {}}
                xl={null}
                xs={null}
              >
                <ScreenClassResolver>
                  <div
                    style={
                      Object {
                        "boxSizing": "border-box",
                        "flexBasis": 0,
                        "flexGrow": 1,
                        "flexShrink": 0,
                        "left": "auto",
                        "marginLeft": "0%",
                        "maxWidth": "100%",
                        "minHeight": "1px",
                        "paddingLeft": "15px",
                        "paddingRight": "15px",
                        "position": "relative",
                        "right": "auto",
                        "width": "100%",
                      }
                    }
                  >
                    <Button
                      onClick={[Function]}
                    >
                      <button
                        className="button"
                        onClick={[Function]}
                      >
                        Save
                      </button>
                    </Button>
                  </div>
                </ScreenClassResolver>
              </Col>
            </div>
          </Row>
          <span
            style={
              Object {
                "clear": "both",
                "display": "table",
              }
            }
          />
        </div>
      </ScreenClassProvider>
    </ScreenClassResolver>
  </Container>
</FamilyMemberForm>
`;
