// Jest Snapshot v1, https://goo.gl/fbAQLP

exports[`<UserHeader /> should render UserHeader as expected 1`] = `
<UserHeader>
  <div />
</UserHeader>
`;
