// Jest Snapshot v1, https://goo.gl/fbAQLP

exports[`<Avatar /> should render Avatar as expected 1`] = `
<Avatar>
  <div
    className="avatar undefined medium"
  >
    <img />
  </div>
</Avatar>
`;
