// Jest Snapshot v1, https://goo.gl/fbAQLP

exports[`<Button /> should render Button as expected 1`] = `
<Button>
  <div>
    Button
  </div>
</Button>
`;
