// Jest Snapshot v1, https://goo.gl/fbAQLP

exports[`<MenuItem /> should render MenuItem as expected 1`] = `
<BrowserRouter>
  <Router
    history={
      Object {
        "action": "POP",
        "block": [Function],
        "createHref": [Function],
        "go": [Function],
        "goBack": [Function],
        "goForward": [Function],
        "length": 1,
        "listen": [Function],
        "location": Object {
          "hash": "",
          "pathname": "/",
          "search": "",
          "state": undefined,
        },
        "push": [Function],
        "replace": [Function],
      }
    }
  >
    <MenuItem
      to=""
    >
      <Link
        className="menuItem"
        replace={false}
        to=""
      >
        <a
          className="menuItem"
          href="/"
          onClick={[Function]}
        >
          <Icon>
            <svg
              className="svgIcon"
              fill="#400099"
              height="24"
              role="img"
              viewBox="0 0 24 24"
              width="24"
            >
              <title />
              <path
                d="M19.504 17.997h1.75a.75.75 0 0 1 0 1.5h-1.75v1.75a.75.75 0 1 1-1.5 0v-1.75h-1.75a.75.75 0 1 1 0-1.5h1.75v-1.75a.75.75 0 0 1 1.5 0v1.75zM3.527 8.25h17.05V5a.25.25 0 0 0-.25-.25h-3.32v1.092a.75.75 0 1 1-1.5 0V4.75H8.441v1.038a.75.75 0 0 1-1.5 0V4.75H3.777a.25.25 0 0 0-.25.25v3.25zm17.05 1.5H3.527V19c0 .138.112.25.25.25h9.526a.75.75 0 1 1 0 1.5H3.777A1.75 1.75 0 0 1 2.027 19V5c0-.966.784-1.75 1.75-1.75h3.164v-.449a.75.75 0 1 1 1.5 0v.449h7.066v-.449a.75.75 0 1 1 1.5 0v.449h3.32c.966 0 1.75.784 1.75 1.75v9.601a.75.75 0 1 1-1.5 0V9.75z"
              />
            </svg>
          </Icon>
          <span />
        </a>
      </Link>
    </MenuItem>
  </Router>
</BrowserRouter>
`;
