// Jest Snapshot v1, https://goo.gl/fbAQLP

exports[`<Radio /> should render Radio as expected 1`] = `
<Radio>
  <div
    className="radio"
  >
    <input
      type="radio"
    />
    <label />
  </div>
</Radio>
`;
